Smart Mobility Simulator - Deterministic Rerouting Tests
========================================================

--- 1. Baseline Route 0 -> 24 (Fastest) ---
Dijkstra (Fastest) Route found 0 -> 24
0 -> 1 -> 6 -> 7 -> 8 -> 9 -> 14 -> 19 -> 24
Total distance: 800 m
Travel time: 57.6 s
Nodes explored: 25
Runtime: 57 us

--- Baseline Route 0 -> 24 (Shortest) ---
Dijkstra (Shortest) Route found 0 -> 24
0 -> 1 -> 2 -> 3 -> 4 -> 9 -> 14 -> 19 -> 24
Total distance: 800 m
Travel time: 122.4 s
Nodes explored: 25
Runtime: 42 us

--- 2. Add Closure on active route (1 <-> 6) ---
Dijkstra (Fastest) Route found 0 -> 24
0 -> 5 -> 6 -> 7 -> 8 -> 9 -> 14 -> 19 -> 24
Total distance: 800 m
Travel time: 57.6 s
Nodes explored: 25
Runtime: 43 us

--- 3. Add Accident on fastest route (1 <-> 6) ---
Dijkstra (Fastest) Route found 0 -> 24
0 -> 5 -> 6 -> 7 -> 8 -> 9 -> 14 -> 19 -> 24
Total distance: 800 m
Travel time: 57.6 s
Nodes explored: 25
Runtime: 44 us

--- 4. Add Accident on shortest route (1 <-> 6) ---
Dijkstra (Shortest) Route found 0 -> 24
0 -> 1 -> 2 -> 3 -> 4 -> 9 -> 14 -> 19 -> 24
Total distance: 800 m
Travel time: 122.4 s
Nodes explored: 25
Runtime: 40 us

--- 5. Add Incident on unused road (20 <-> 21) ---
Dijkstra (Fastest) Route found 0 -> 24
0 -> 1 -> 6 -> 7 -> 8 -> 9 -> 14 -> 19 -> 24
Total distance: 800 m
Travel time: 57.6 s
Nodes explored: 25
Runtime: 41 us


--- Simulation Engine Batch & Timing Test ---
Spawned 10 / 10 vehicles.
Update timing for 10 vehicles: 3 us
State -> Waiting: 0, Moving: 10, Arrived: 0

Spawned 50 / 50 vehicles.
Update timing for 50 vehicles: 15 us
State -> Waiting: 0, Moving: 50, Arrived: 0

Spawned 100 / 100 vehicles.
Update timing for 100 vehicles: 34 us
State -> Waiting: 0, Moving: 100, Arrived: 0

Starting API server in generated mode...
Starting backend API server on http://127.0.0.1:8400
